
> @yamajs/kernel@0.1.0-alpha.0 build C:\Users\USER\Code\yama\packages\kernel
> tsup --config tsup.config.ts && tsc -p tsconfig.declarations.json

[34mCLI[39m Building entry: src/index.ts
[34mCLI[39m Using tsconfig: tsconfig.json
[34mCLI[39m tsup v8.5.1
[34mCLI[39m Using tsup config: C:\Users\USER\Code\yama\packages\kernel\tsup.config.ts
[34mCLI[39m Target: es2022
[34mCLI[39m Cleaning output folder
[34mESM[39m Build start
X [ERROR] Could not resolve "../platform/crypto.js"

    src/auth/utils.ts:8:53:
      8 Ôöé ...etCryptoProvider, getPasswordHasher } from "../platform/crypto.js";
        ÔòÁ                                               ~~~~~~~~~~~~~~~~~~~~~~~

ESM Build failed
Error: Build failed with 1 error:
src/auth/utils.ts:8:53: ERROR: Could not resolve "../platform/crypto.js"
    at failureErrorWithLog (C:\Users\USER\Code\yama\node_modules\.pnpm\esbuild@0.27.0\node_modules\esbuild\lib\main.js:1467:15)
    at C:\Users\USER\Code\yama\node_modules\.pnpm\esbuild@0.27.0\node_modules\esbuild\lib\main.js:926:25
    at runOnEndCallbacks (C:\Users\USER\Code\yama\node_modules\.pnpm\esbuild@0.27.0\node_modules\esbuild\lib\main.js:1307:45)
    at buildResponseToResult (C:\Users\USER\Code\yama\node_modules\.pnpm\esbuild@0.27.0\node_modules\esbuild\lib\main.js:924:7)
    at C:\Users\USER\Code\yama\node_modules\.pnpm\esbuild@0.27.0\node_modules\esbuild\lib\main.js:951:16
    at responseCallbacks.<computed> (C:\Users\USER\Code\yama\node_modules\.pnpm\esbuild@0.27.0\node_modules\esbuild\lib\main.js:603:9)
    at handleIncomingPacket (C:\Users\USER\Code\yama\node_modules\.pnpm\esbuild@0.27.0\node_modules\esbuild\lib\main.js:658:12)
    at Socket.readFromStdout (C:\Users\USER\Code\yama\node_modules\.pnpm\esbuild@0.27.0\node_modules\esbuild\lib\main.js:581:7)
    at Socket.emit (node:events:519:28)
    at addChunk (node:internal/streams/readable:561:12)
ÔÇëELIFECYCLEÔÇë Command failed with exit code 1.
